
========================================
Class A Tests
========================================

  a21001a            PASS   PASSED        
  a22002a            PASS   PASSED        
  a22006b            PASS   PASSED        
  a22006c            PASS   PASSED        
  a22006d            PASS   PASSED        
  a22006e            PASS   PASSED        
  a22006f            PASS   PASSED        
  a26004a            PASS   PASSED        
  a27003a            PASS   PASSED        
  a27004a            PASS   PASSED        
  a28002c            PASS   PASSED        
test.sh: line 20: 63062 Segmentation fault      timeout 0.2 ./ada83 -Iacats -Irts "$f" > test_results/$n.ll 2> acats_logs/$n.err
  a28004a            SKIP   COMPILE       
  a29002a            PASS   PASSED        
  a29002b            PASS   PASSED        
  a29002c            PASS   PASSED        
  a29002d            PASS   PASSED        
  a29002e            PASS   PASSED        
  a29002f            PASS   PASSED        
  a29002g            PASS   PASSED        
  a29002h            PASS   PASSED        
  a29002i            PASS   PASSED        
  a29002j            PASS   PASSED        
test.sh: line 20: 63138 Segmentation fault      timeout 0.2 ./ada83 -Iacats -Irts "$f" > test_results/$n.ll 2> acats_logs/$n.err
  a29003a            SKIP   COMPILE       
  a2a031a            PASS   PASSED        
  a32203b            PASS   PASSED        
  a32203c            PASS   PASSED        
  a32203d            PASS   PASSED        
  a33003a            PASS   PASSED        
  a34017c            PASS   PASSED        
  a35101b            PASS   PASSED        
  a35402a            PASS   PASSED        
  a35502q            PASS   PASSED        
  a35502r            PASS   PASSED        
  a35710a            PASS   PASSED        
  a35801a            PASS   PASSED        
  a35801b            PASS   PASSED        
test.sh: line 20: 63235 Segmentation fault      timeout 0.2 ./ada83 -Iacats -Irts "$f" > test_results/$n.ll 2> acats_logs/$n.err
  a35801e            SKIP   COMPILE       
  a35801f            PASS   PASSED        
  a35902c            PASS   PASSED        
  a38106d            PASS   PASSED        
  a38106e            PASS   PASSED        
  a38199a            PASS   PASSED        
  a38199b            PASS   PASSED        
  a38199c0           FAIL   FAILED         exit 1
  a38199c1m          PASS   PASSED        
  a38199c2           FAIL   FAILED         exit 1
  a39005b            PASS   PASSED        
  a39005c            PASS   PASSED        
  a39005e            PASS   PASSED        
  a39005f            PASS   PASSED        
test.sh: line 20: 63332 Segmentation fault      timeout 0.2 ./ada83 -Iacats -Irts "$f" > test_results/$n.ll 2> acats_logs/$n.err
  a54b01a            SKIP   COMPILE       
test.sh: line 20: 63338 Segmentation fault      timeout 0.2 ./ada83 -Iacats -Irts "$f" > test_results/$n.ll 2> acats_logs/$n.err
  a54b02a            SKIP   COMPILE       
  a55b12a            PASS   PASSED        
  a55b13a            PASS   PASSED        
  a55b14a            FAIL   FAILED         exit 124
  a62006d            PASS   PASSED        
  a63202a            PASS   PASSED        
  a71002a            PASS   PASSED        
  a71004a            PASS   PASSED        
  a72001a            PASS   PASSED        
  a73001i            PASS   PASSED        
  a73001j            PASS   PASSED        
  a74006a            PASS   PASSED        
  a74105b            PASS   PASSED        
  a74106a            PASS   PASSED        
  a74106b            PASS   PASSED        
  a74106c            PASS   PASSED        
  a74205e            PASS   PASSED        
  a74205f            PASS   PASSED        
  a83009a            SKIP   BIND           unresolved symbols
  a83009b            SKIP   BIND           unresolved symbols
  a83041b            FAIL   FAILED         exit 124
  a83041c            SKIP   BIND           unresolved symbols
test.sh: line 20: 63490 Segmentation fault      timeout 1 lli test_results/$n.bc > acats_logs/$n.out 2>&1
  a83041d            FAIL   FAILED         exit 139
  a83a02a            PASS   PASSED        
  a83a02b            PASS   PASSED        
  a83a06a            PASS   PASSED        
test.sh: line 20: 63514 Segmentation fault      timeout 0.2 ./ada83 -Iacats -Irts "$f" > test_results/$n.ll 2> acats_logs/$n.err
  a83a08a            SKIP   COMPILE       
  a83c01c            FAIL   FAILED         exit 124
  a83c01d            FAIL   FAILED         exit 124
test.sh: line 20: 63536 Segmentation fault      timeout 0.2 ./ada83 -Iacats -Irts "$f" > test_results/$n.ll 2> acats_logs/$n.err
  a83c01e            SKIP   COMPILE       
  a83c01f            FAIL   FAILED         exit 124
  a83c01g            SKIP   BIND           unresolved symbols
  a83c01h            PASS   PASSED        
  a83c01i            FAIL   FAILED         exit 124
  a83c01j            FAIL   FAILED         exit 124
  a85007d            PASS   PASSED        
  a85013b            SKIP   BIND           unresolved symbols
  a87b59a            SKIP   COMPILE        acats/a87b59a.ada:188:16: typ mis
  a91001i            PASS   PASSED        
  a91002m            PASS   PASSED        
  a95001c            PASS   PASSED        
  a95005a            PASS   PASSED        
  a95074d            PASS   PASSED        
  a97106a            PASS   PASSED        
test.sh: line 20: 63638 Segmentation fault      timeout 0.2 ./ada83 -Iacats -Irts "$f" > test_results/$n.ll 2> acats_logs/$n.err
  a98001a            SKIP   COMPILE       
  a98002a            PASS   PASSED        
  a99006a            PASS   PASSED        
  a99007a            PASS   PASSED        
  a9b001a            PASS   PASSED        
test.sh: line 20: 63672 Segmentation fault      timeout 0.2 ./ada83 -Iacats -Irts "$f" > test_results/$n.ll 2> acats_logs/$n.err
  a9b002a            SKIP   COMPILE       
  a9b002b            PASS   PASSED        
  aa2010a            SKIP   BIND           unresolved symbols
  aa2012a            PASS   PASSED        
  aa5008x            PASS   PASSED        
  ab7006a            PASS   PASSED        
  ac1015b            PASS   PASSED        
  ac3106a            SKIP   BIND           unresolved symbols
  ac3206a            PASS   PASSED        
  ac3207a            PASS   PASSED        
  ad1a01a            PASS   PASSED        
  ad1a01b            PASS   PASSED        
test.sh: line 20: 63751 Segmentation fault      timeout 0.2 ./ada83 -Iacats -Irts "$f" > test_results/$n.ll 2> acats_logs/$n.err
  ad1d01e            SKIP   COMPILE       
  ad7001b            PASS   PASSED        
  ad7001c0m          SKIP   BIND           unresolved symbols
  ad7001c1           SKIP   COMPILE        acats/ad7001c1.ada:20:38: undef 'SYSTEM'
  ad7001d0m          PASS   PASSED        
  ad7001d1           SKIP   COMPILE        acats/ad7001d1.ada:28:6: undef 'I'
  ad7005a            PASS   PASSED        
  ad7006a            PASS   PASSED        
  ad7101a            PASS   PASSED        
  ad7101c            PASS   PASSED        
  ad7102a            PASS   PASSED        
  ad7103a            PASS   PASSED        
  ad7103c            PASS   PASSED        
  ad7104a            PASS   PASSED        
  ad7201a            PASS   PASSED        
  ad7201e            PASS   PASSED        
  ad7203b            PASS   PASSED        
  ad7205b            PASS   PASSED        
  ad7206a            PASS   PASSED        
  ada101a            PASS   PASSED        
  ae2101a            PASS   PASSED        
  ae2101b            PASS   PASSED        
  ae2101d            PASS   PASSED        
  ae2101f            PASS   PASSED        
  ae2101g            PASS   PASSED        
  ae2101i            PASS   PASSED        
test.sh: line 20: 63928 Segmentation fault      timeout 0.2 ./ada83 -Iacats -Irts "$f" > test_results/$n.ll 2> acats_logs/$n.err
  ae2113a            SKIP   COMPILE       
test.sh: line 20: 63934 Segmentation fault      timeout 0.2 ./ada83 -Iacats -Irts "$f" > test_results/$n.ll 2> acats_logs/$n.err
  ae2113b            SKIP   COMPILE       
  ae3002g            PASS   PASSED        
test.sh: line 20: 63947 Segmentation fault      timeout 0.2 ./ada83 -Iacats -Irts "$f" > test_results/$n.ll 2> acats_logs/$n.err
  ae3101a            SKIP   COMPILE       
  ae3702a            PASS   PASSED        
test.sh: line 20: 63960 Segmentation fault      timeout 0.2 ./ada83 -Iacats -Irts "$f" > test_results/$n.ll 2> acats_logs/$n.err
  ae3709a            SKIP   COMPILE       

========================================
RESULTS
========================================

 CLASS                     pass    fail    skip   total    rate
 ----------------------  ------  ------  ------  ------  ------
 A  Acceptance               109                     109
 B  Illegality                  0     119             119      0%
 C  Executable                  0              25      25      0%
 ----------------------  ------  ------  ------  ------  ------
 TOTAL                       109     119      25     144     75%

========================================
 elapsed 22.403s    processed 144 tests    2026-01-06 07:37:07
========================================
